[{"type":"nested","children":[{"type":"added","value":false,"key":"follow"},{"type":"unchanged","value":"Value 1","key":"setting1"},{"type":"removed","value":200,"key":"setting2"},{"type":"updated","oldValue":true,"value":null,"key":"setting3"},{"type":"added","value":"blah blah","key":"setting4"},{"type":"added","value":{"key5":"value5"},"key":"setting5"},{"type":"nested","children":[{"type":"nested","children":[{"type":"updated","oldValue":"","value":"so much","key":"wow"}],"key":"doge"},{"type":"unchanged","value":"value","key":"key"},{"type":"added","value":"vops","key":"ops"}],"key":"setting6"}],"key":"common"},{"type":"nested","children":[{"type":"updated","oldValue":"bas","value":"bars","key":"baz"},{"type":"unchanged","value":"bar","key":"foo"},{"type":"updated","oldValue":{"key":"value"},"value":"str","key":"nest"}],"key":"group1"},{"type":"removed","value":{"abc":12345,"deep":{"id":45}},"key":"group2"},{"type":"added","value":{"deep":{"id":{"number":45}},"fee":100500},"key":"group3"}]